// Jest Snapshot v1, https://goo.gl/fbAQLP

exports[`FoundationButton 1`] = `
<button
  className="foundation__button"
  onClick={[Function]}
  type="button"
>
  button label
</button>
`;
